Archive member included to satisfy reference by file (symbol)

C:\Users\admballuffvm\Documents\GitHub\Balancer\Debug\libBalancer.a(Balancer.o)
                              ./Src/main.o (BalaHWsetup)
C:\Users\admballuffvm\Documents\GitHub\Balancer\Debug\libBalancer.a(RotaryPushButton.o)
                              ./Src/main.o (setRotaryColor)
C:\Users\admballuffvm\Documents\GitHub\Balancer\Debug\libBalancer.a(step.o)
                              ./Src/main.o (setVmax)
C:\Users\admballuffvm\Documents\GitHub\MCAL_F40x\Debug\libMCAL.a(mcalEXTI.o)
                              C:\Users\admballuffvm\Documents\GitHub\Balancer\Debug\libBalancer.a(RotaryPushButton.o) (extiInit)
C:\Users\admballuffvm\Documents\GitHub\MCAL_F40x\Debug\libMCAL.a(mcalGPIO.o)
                              C:\Users\admballuffvm\Documents\GitHub\MCAL_F40x\Debug\libMCAL.a(mcalEXTI.o) (gpioVerifyPort)
C:\Users\admballuffvm\Documents\GitHub\MCAL_F40x\Debug\libMCAL.a(mcalI2C.o)
                              C:\Users\admballuffvm\Documents\GitHub\Balancer\Debug\libBalancer.a(Balancer.o) (i2cSelectI2C)
C:\Users\admballuffvm\Documents\GitHub\MCAL_F40x\Debug\libMCAL.a(mcalRCC.o)
                              C:\Users\admballuffvm\Documents\GitHub\MCAL_F40x\Debug\libMCAL.a(mcalI2C.o) (rccGetPclk1Freq)
c:/st/stm32cubeide_1.12.0/stm32cubeide/plugins/com.st.stm32cube.ide.mcu.externaltools.gnu-tools-for-stm32.10.3-2021.10.win32_1.0.200.202301161003/tools/bin/../lib/gcc/arm-none-eabi/10.3.1/../../../../arm-none-eabi/lib/thumb/v7e-m+fp/softfp\libc_nano.a(lib_a-errno.o)
                              ./Src/syscalls.o (__errno)
c:/st/stm32cubeide_1.12.0/stm32cubeide/plugins/com.st.stm32cube.ide.mcu.externaltools.gnu-tools-for-stm32.10.3-2021.10.win32_1.0.200.202301161003/tools/bin/../lib/gcc/arm-none-eabi/10.3.1/../../../../arm-none-eabi/lib/thumb/v7e-m+fp/softfp\libc_nano.a(lib_a-exit.o)
                              c:/st/stm32cubeide_1.12.0/stm32cubeide/plugins/com.st.stm32cube.ide.mcu.externaltools.gnu-tools-for-stm32.10.3-2021.10.win32_1.0.200.202301161003/tools/bin/../lib/gcc/arm-none-eabi/10.3.1/../../../../arm-none-eabi/lib/thumb/v7e-m+fp/softfp/crt0.o (exit)
c:/st/stm32cubeide_1.12.0/stm32cubeide/plugins/com.st.stm32cube.ide.mcu.externaltools.gnu-tools-for-stm32.10.3-2021.10.win32_1.0.200.202301161003/tools/bin/../lib/gcc/arm-none-eabi/10.3.1/../../../../arm-none-eabi/lib/thumb/v7e-m+fp/softfp\libc_nano.a(lib_a-impure.o)
                              c:/st/stm32cubeide_1.12.0/stm32cubeide/plugins/com.st.stm32cube.ide.mcu.externaltools.gnu-tools-for-stm32.10.3-2021.10.win32_1.0.200.202301161003/tools/bin/../lib/gcc/arm-none-eabi/10.3.1/../../../../arm-none-eabi/lib/thumb/v7e-m+fp/softfp\libc_nano.a(lib_a-exit.o) (_global_impure_ptr)
c:/st/stm32cubeide_1.12.0/stm32cubeide/plugins/com.st.stm32cube.ide.mcu.externaltools.gnu-tools-for-stm32.10.3-2021.10.win32_1.0.200.202301161003/tools/bin/../lib/gcc/arm-none-eabi/10.3.1/../../../../arm-none-eabi/lib/thumb/v7e-m+fp/softfp\libc_nano.a(lib_a-init.o)
                              c:/st/stm32cubeide_1.12.0/stm32cubeide/plugins/com.st.stm32cube.ide.mcu.externaltools.gnu-tools-for-stm32.10.3-2021.10.win32_1.0.200.202301161003/tools/bin/../lib/gcc/arm-none-eabi/10.3.1/../../../../arm-none-eabi/lib/thumb/v7e-m+fp/softfp/crt0.o (__libc_init_array)
c:/st/stm32cubeide_1.12.0/stm32cubeide/plugins/com.st.stm32cube.ide.mcu.externaltools.gnu-tools-for-stm32.10.3-2021.10.win32_1.0.200.202301161003/tools/bin/../lib/gcc/arm-none-eabi/10.3.1/../../../../arm-none-eabi/lib/thumb/v7e-m+fp/softfp\libc_nano.a(lib_a-memset.o)
                              c:/st/stm32cubeide_1.12.0/stm32cubeide/plugins/com.st.stm32cube.ide.mcu.externaltools.gnu-tools-for-stm32.10.3-2021.10.win32_1.0.200.202301161003/tools/bin/../lib/gcc/arm-none-eabi/10.3.1/../../../../arm-none-eabi/lib/thumb/v7e-m+fp/softfp/crt0.o (memset)
c:/st/stm32cubeide_1.12.0/stm32cubeide/plugins/com.st.stm32cube.ide.mcu.externaltools.gnu-tools-for-stm32.10.3-2021.10.win32_1.0.200.202301161003/tools/bin/../lib/gcc/arm-none-eabi/10.3.1/thumb/v7e-m+fp/softfp\libgcc.a(_arm_muldf3.o)
                              C:\Users\admballuffvm\Documents\GitHub\Balancer\Debug\libBalancer.a(step.o) (__aeabi_dmul)
c:/st/stm32cubeide_1.12.0/stm32cubeide/plugins/com.st.stm32cube.ide.mcu.externaltools.gnu-tools-for-stm32.10.3-2021.10.win32_1.0.200.202301161003/tools/bin/../lib/gcc/arm-none-eabi/10.3.1/thumb/v7e-m+fp/softfp\libgcc.a(_arm_addsubdf3.o)
                              C:\Users\admballuffvm\Documents\GitHub\Balancer\Debug\libBalancer.a(step.o) (__aeabi_ui2d)
c:/st/stm32cubeide_1.12.0/stm32cubeide/plugins/com.st.stm32cube.ide.mcu.externaltools.gnu-tools-for-stm32.10.3-2021.10.win32_1.0.200.202301161003/tools/bin/../lib/gcc/arm-none-eabi/10.3.1/thumb/v7e-m+fp/softfp\libgcc.a(_arm_fixunsdfsi.o)
                              C:\Users\admballuffvm\Documents\GitHub\Balancer\Debug\libBalancer.a(step.o) (__aeabi_d2uiz)
[...]
Memory Configuration

Name             Origin             Length             Attributes
RAM              0x0000000020000000 0x0000000000018000 xrw
FLASH            0x0000000008000000 0x0000000000080000 xr
*default*        0x0000000000000000 0xffffffffffffffff

Linker script and memory map

LOAD c:/st/stm32cubeide_1.12.0/stm32cubeide/plugins/com.st.stm32cube.ide.mcu.externaltools.gnu-tools-for-stm32.10.3-2021.10.win32_1.0.200.202301161003/tools/bin/../lib/gcc/arm-none-eabi/10.3.1/thumb/v7e-m+fp/softfp/crti.o
LOAD c:/st/stm32cubeide_1.12.0/stm32cubeide/plugins/com.st.stm32cube.ide.mcu.externaltools.gnu-tools-for-stm32.10.3-2021.10.win32_1.0.200.202301161003/tools/bin/../lib/gcc/arm-none-eabi/10.3.1/thumb/v7e-m+fp/softfp/crtbegin.o
LOAD c:/st/stm32cubeide_1.12.0/stm32cubeide/plugins/com.st.stm32cube.ide.mcu.externaltools.gnu-tools-for-stm32.10.3-2021.10.win32_1.0.200.202301161003/tools/bin/../lib/gcc/arm-none-eabi/10.3.1/../../../../arm-none-eabi/lib/thumb/v7e-m+fp/softfp/crt0.o
LOAD ./Src/main.o
LOAD ./Src/syscalls.o
LOAD ./Src/sysmem.o
LOAD ./Src/system_stm32f4xx.o
LOAD ./Startup/startup_stm32f401retx.o
LOAD C:\Users\admballuffvm\Documents\GitHub\Balancer\Debug\libBalancer.a
LOAD C:\Users\admballuffvm\Documents\GitHub\MCAL_F40x\Debug\libMCAL.a
LOAD C:\Users\admballuffvm\Documents\GitHub\CMSIS\Debug\libCMSIS.a
START GROUP
LOAD c:/st/stm32cubeide_1.12.0/stm32cubeide/plugins/com.st.stm32cube.ide.mcu.externaltools.gnu-tools-for-stm32.10.3-2021.10.win32_1.0.200.202301161003/tools/bin/../lib/gcc/arm-none-eabi/10.3.1/../../../../arm-none-eabi/lib/thumb/v7e-m+fp/softfp\libc_nano.a
LOAD c:/st/stm32cubeide_1.12.0/stm32cubeide/plugins/com.st.stm32cube.ide.mcu.externaltools.gnu-tools-for-stm32.10.3-2021.10.win32_1.0.200.202301161003/tools/bin/../lib/gcc/arm-none-eabi/10.3.1/../../../../arm-none-eabi/lib/thumb/v7e-m+fp/softfp\libm.a
END GROUP
START GROUP
LOAD c:/st/stm32cubeide_1.12.0/stm32cubeide/plugins/com.st.stm32cube.ide.mcu.externaltools.gnu-tools-for-stm32.10.3-2021.10.win32_1.0.200.202301161003/tools/bin/../lib/gcc/arm-none-eabi/10.3.1/thumb/v7e-m+fp/softfp\libgcc.a
LOAD c:/st/stm32cubeide_1.12.0/stm32cubeide/plugins/com.st.stm32cube.ide.mcu.externaltools.gnu-tools-for-stm32.10.3-2021.10.win32_1.0.200.202301161003/tools/bin/../lib/gcc/arm-none-eabi/10.3.1/../../../../arm-none-eabi/lib/thumb/v7e-m+fp/softfp\libc_nano.a
END GROUP
START GROUP
LOAD c:/st/stm32cubeide_1.12.0/stm32cubeide/plugins/com.st.stm32cube.ide.mcu.externaltools.gnu-tools-for-stm32.10.3-2021.10.win32_1.0.200.202301161003/tools/bin/../lib/gcc/arm-none-eabi/10.3.1/thumb/v7e-m+fp/softfp\libgcc.a
LOAD c:/st/stm32cubeide_1.12.0/stm32cubeide/plugins/com.st.stm32cube.ide.mcu.externaltools.gnu-tools-for-stm32.10.3-2021.10.win32_1.0.200.202301161003/tools/bin/../lib/gcc/arm-none-eabi/10.3.1/../../../../arm-none-eabi/lib/thumb/v7e-m+fp/softfp\libc_nano.a
LOAD c:/st/stm32cubeide_1.12.0/stm32cubeide/plugins/com.st.stm32cube.ide.mcu.externaltools.gnu-tools-for-stm32.10.3-2021.10.win32_1.0.200.202301161003/tools/bin/../lib/gcc/arm-none-eabi/10.3.1/../../../../arm-none-eabi/lib/thumb/v7e-m+fp/softfp\libnosys.a
END GROUP
START GROUP
LOAD c:/st/stm32cubeide_1.12.0/stm32cubeide/plugins/com.st.stm32cube.ide.mcu.externaltools.gnu-tools-for-stm32.10.3-2021.10.win32_1.0.200.202301161003/tools/bin/../lib/gcc/arm-none-eabi/10.3.1/thumb/v7e-m+fp/softfp\libgcc.a
LOAD c:/st/stm32cubeide_1.12.0/stm32cubeide/plugins/com.st.stm32cube.ide.mcu.externaltools.gnu-tools-for-stm32.10.3-2021.10.win32_1.0.200.202301161003/tools/bin/../lib/gcc/arm-none-eabi/10.3.1/../../../../arm-none-eabi/lib/thumb/v7e-m+fp/softfp\libc_nano.a
LOAD c:/st/stm32cubeide_1.12.0/stm32cubeide/plugins/com.st.stm32cube.ide.mcu.externaltools.gnu-tools-for-stm32.10.3-2021.10.win32_1.0.200.202301161003/tools/bin/../lib/gcc/arm-none-eabi/10.3.1/../../../../arm-none-eabi/lib/thumb/v7e-m+fp/softfp\libnosys.a
END GROUP
LOAD c:/st/stm32cubeide_1.12.0/stm32cubeide/plugins/com.st.stm32cube.ide.mcu.externaltools.gnu-tools-for-stm32.10.3-2021.10.win32_1.0.200.202301161003/tools/bin/../lib/gcc/arm-none-eabi/10.3.1/thumb/v7e-m+fp/softfp/crtend.o
LOAD c:/st/stm32cubeide_1.12.0/stm32cubeide/plugins/com.st.stm32cube.ide.mcu.externaltools.gnu-tools-for-stm32.10.3-2021.10.win32_1.0.200.202301161003/tools/bin/../lib/gcc/arm-none-eabi/10.3.1/thumb/v7e-m+fp/softfp/crtn.o
                0x0000000020018000                _estack = (ORIGIN (RAM) + LENGTH (RAM))
                0x0000000000000200                _Min_Heap_Size = 0x200
                0x0000000000000400                _Min_Stack_Size = 0x400

.isr_vector     0x0000000008000000      0x194
                0x0000000008000000                . = ALIGN (0x4)
 *(.isr_vector)
 .isr_vector    0x0000000008000000      0x194 ./Startup/startup_stm32f401retx.o
                0x0000000008000000                g_pfnVectors
                0x0000000008000194                . = ALIGN (0x4)

.text           0x0000000008000194     0x1a18
                0x0000000008000194                . = ALIGN (0x4)
 *(.text)
 .text          0x0000000008000194       0x40 c:/st/stm32cubeide_1.12.0/stm32cubeide/plugins/com.st.stm32cube.ide.mcu.externaltools.gnu-tools-for-stm32.10.3-2021.10.win32_1.0.200.202301161003/tools/bin/../lib/gcc/arm-none-eabi/10.3.1/thumb/v7e-m+fp/softfp/crtbegin.o
 .text          0x00000000080001d4       0x30 c:/st/stm32cubeide_1.12.0/stm32cubeide/plugins/com.st.stm32cube.ide.mcu.externaltools.gnu-tools-for-stm32.10.3-2021.10.win32_1.0.200.202301161003/tools/bin/../lib/gcc/arm-none-eabi/10.3.1/thumb/v7e-m+fp/softfp\libgcc.a(_aeabi_uldivmod.o)
                0x00000000080001d4                __aeabi_uldivmod
 .text          0x0000000008000204      0x2d0 c:/st/stm32cubeide_1.12.0/stm32cubeide/plugins/com.st.stm32cube.ide.mcu.externaltools.gnu-tools-for-stm32.10.3-2021.10.win32_1.0.200.202301161003/tools/bin/../lib/gcc/arm-none-eabi/10.3.1/thumb/v7e-m+fp/softfp\libgcc.a(_udivmoddi4.o)
                0x0000000008000204                __udivmoddi4
 .text          0x00000000080004d4        0x4 c:/st/stm32cubeide_1.12.0/stm32cubeide/plugins/com.st.stm32cube.ide.mcu.externaltools.gnu-tools-for-stm32.10.3-2021.10.win32_1.0.200.202301161003/tools/bin/../lib/gcc/arm-none-eabi/10.3.1/thumb/v7e-m+fp/softfp\libgcc.a(_dvmd_tls.o)
                0x00000000080004d4                __aeabi_idiv0
                0x00000000080004d4                __aeabi_ldiv0
 *(.text*)
 .text.main     0x00000000080004d8       0xdc ./Src/main.o
                0x00000000080004d8                main
 .text.SystemInit
                0x00000000080005b4       0x24 ./Src/system_stm32f4xx.o
                0x00000000080005b4                SystemInit
 .text.Reset_Handler
                0x00000000080005d8       0x50 ./Startup/startup_stm32f401retx.o
                0x00000000080005d8                Reset_Handler
 .text.Default_Handler
                0x0000000008000628        0x2 ./Startup/startup_stm32f401retx.o
                0x0000000008000628                EXTI2_IRQHandler
                0x0000000008000628                DebugMon_Handler
                0x0000000008000628                SPI4_IRQHandler
                0x0000000008000628                TIM1_CC_IRQHandler
                0x0000000008000628                DMA2_Stream5_IRQHandler
                0x0000000008000628                HardFault_Handler
                0x0000000008000628                DMA1_Stream5_IRQHandler
                0x0000000008000628                SysTick_Handler
                0x0000000008000628                SDIO_IRQHandler
                0x0000000008000628                TAMP_STAMP_IRQHandler
                0x0000000008000628                PendSV_Handler
                0x0000000008000628                NMI_Handler
                0x0000000008000628                EXTI3_IRQHandler
                0x0000000008000628                TIM1_UP_TIM10_IRQHandler
                0x0000000008000628                I2C3_ER_IRQHandler
                0x0000000008000628                EXTI18_OTG_FS_WKUP_IRQHandler
                0x0000000008000628                I2C2_EV_IRQHandler
                0x0000000008000628                DMA1_Stream2_IRQHandler
                0x0000000008000628                UsageFault_Handler
                0x0000000008000628                DMA2_Stream2_IRQHandler
                0x0000000008000628                SPI1_IRQHandler
                0x0000000008000628                TIM1_BRK_TIM9_IRQHandler
                0x0000000008000628                DMA2_Stream3_IRQHandler
                0x0000000008000628                USART6_IRQHandler
                0x0000000008000628                DMA2_Stream0_IRQHandler
                0x0000000008000628                TIM4_IRQHandler
                0x0000000008000628                I2C1_EV_IRQHandler
                0x0000000008000628                DMA1_Stream6_IRQHandler
                0x0000000008000628                DMA1_Stream1_IRQHandler
                0x0000000008000628                TIM3_IRQHandler
                0x0000000008000628                RCC_IRQHandler
                0x0000000008000628                Default_Handler
                0x0000000008000628                ADC_IRQHandler
                0x0000000008000628                DMA1_Stream7_IRQHandler
                0x0000000008000628                TIM5_IRQHandler
                0x0000000008000628                DMA2_Stream7_IRQHandler
                0x0000000008000628                I2C3_EV_IRQHandler
                0x0000000008000628                EXTI9_5_IRQHandler
                0x0000000008000628                SPI2_IRQHandler
                0x0000000008000628                MemManage_Handler
                0x0000000008000628                DMA1_Stream0_IRQHandler
                0x0000000008000628                SVC_Handler
                0x0000000008000628                EXTI4_IRQHandler
                0x0000000008000628                EXTI22_RTC_WKUP_IRQHandler
                0x0000000008000628                TIM2_IRQHandler
                0x0000000008000628                EXTI16_PVD_IRQHandler
                0x0000000008000628                TIM1_TRG_COM_TIM11_IRQHandler
                0x0000000008000628                EXTI1_IRQHandler
                0x0000000008000628                EXTI17_RTC_Alarm_IRQHandler
                0x0000000008000628                USART2_IRQHandler
                0x0000000008000628                I2C2_ER_IRQHandler
                0x0000000008000628                DMA2_Stream1_IRQHandler
                0x0000000008000628                FLASH_IRQHandler
                0x0000000008000628                DMA2_Stream4_IRQHandler
                0x0000000008000628                BusFault_Handler
                0x0000000008000628                USART1_IRQHandler
                0x0000000008000628                OTG_FS_IRQHandler
                0x0000000008000628                SPI3_IRQHandler
                0x0000000008000628                DMA1_Stream4_IRQHandler
                0x0000000008000628                I2C1_ER_IRQHandler
                0x0000000008000628                DMA2_Stream6_IRQHandler
                0x0000000008000628                DMA1_Stream3_IRQHandler
 *fill*         0x000000000800062a        0x2 
 .text.i2cActivate
                0x000000000800062c       0xd0 C:\Users\admballuffvm\Documents\GitHub\Balancer\Debug\libBalancer.a(Balancer.o)
                0x000000000800062c                i2cActivate
 .text.ledActivate
                0x00000000080006fc       0x84 C:\Users\admballuffvm\Documents\GitHub\Balancer\Debug\libBalancer.a(Balancer.o)
                0x00000000080006fc                ledActivate
 .text.BalaHWsetup
                0x0000000008000780       0x10 C:\Users\admballuffvm\Documents\GitHub\Balancer\Debug\libBalancer.a(Balancer.o)
                0x0000000008000780                BalaHWsetup
 .text.initRotaryPushButtonLED
                0x0000000008000790       0x70 C:\Users\admballuffvm\Documents\GitHub\Balancer\Debug\libBalancer.a(RotaryPushButton.o)
                0x0000000008000790                initRotaryPushButtonLED
 .text.setRotaryColor
                0x0000000008000800      0x128 C:\Users\admballuffvm\Documents\GitHub\Balancer\Debug\libBalancer.a(RotaryPushButton.o)
                0x0000000008000800                setRotaryColor
 .text.EXTI0_IRQHandler
                0x0000000008000928       0x50 C:\Users\admballuffvm\Documents\GitHub\Balancer\Debug\libBalancer.a(RotaryPushButton.o)
                0x0000000008000928                EXTI0_IRQHandler
 .text.EXTI15_10_IRQHandler
                0x0000000008000978       0x34 C:\Users\admballuffvm\Documents\GitHub\Balancer\Debug\libBalancer.a(RotaryPushButton.o)
                0x0000000008000978                EXTI15_10_IRQHandler
 .text.getFullStatus1
                0x00000000080009ac       0x3c C:\Users\admballuffvm\Documents\GitHub\Balancer\Debug\libBalancer.a(step.o)
                0x00000000080009ac                getFullStatus1
 .text.getFullStatus2
                0x00000000080009e8       0x3c C:\Users\admballuffvm\Documents\GitHub\Balancer\Debug\libBalancer.a(step.o)
                0x00000000080009e8                getFullStatus2
 .text.setVmax  0x0000000008000a24       0xc0 C:\Users\admballuffvm\Documents\GitHub\Balancer\Debug\libBalancer.a(step.o)
                0x0000000008000a24                setVmax
 .text.getActualPosition
                0x0000000008000ae4       0x40 C:\Users\admballuffvm\Documents\GitHub\Balancer\Debug\libBalancer.a(step.o)
                0x0000000008000ae4                getActualPosition
 .text.setPosition
                0x0000000008000b24       0x58 C:\Users\admballuffvm\Documents\GitHub\Balancer\Debug\libBalancer.a(step.o)
                0x0000000008000b24                setPosition
 .text.initMotorParam
                0x0000000008000b7c       0x5c C:\Users\admballuffvm\Documents\GitHub\Balancer\Debug\libBalancer.a(step.o)
 .text.runInit  0x0000000008000bd8       0xa8 C:\Users\admballuffvm\Documents\GitHub\Balancer\Debug\libBalancer.a(step.o)
                0x0000000008000bd8                runInit
 .text.resetPosition
                0x0000000008000c80       0x2c C:\Users\admballuffvm\Documents\GitHub\Balancer\Debug\libBalancer.a(step.o)
                0x0000000008000c80                resetPosition
 .text.stepMotorInit
                0x0000000008000cac       0x4c C:\Users\admballuffvm\Documents\GitHub\Balancer\Debug\libBalancer.a(step.o)
                0x0000000008000cac                stepMotorInit
 .text.gpioVerifyPort
                0x0000000008000cf8       0x64 C:\Users\admballuffvm\Documents\GitHub\MCAL_F40x\Debug\libMCAL.a(mcalGPIO.o)
                0x0000000008000cf8                gpioVerifyPort
 .text.gpioVerifyPin
                0x0000000008000d5c       0x7c C:\Users\admballuffvm\Documents\GitHub\MCAL_F40x\Debug\libMCAL.a(mcalGPIO.o)
                0x0000000008000d5c                gpioVerifyPin
 .text.gpioVerifyAltFunc
                0x0000000008000dd8       0x7c C:\Users\admballuffvm\Documents\GitHub\MCAL_F40x\Debug\libMCAL.a(mcalGPIO.o)
                0x0000000008000dd8                gpioVerifyAltFunc
 .text.gpioVerifyPinMode
                0x0000000008000e54       0x34 C:\Users\admballuffvm\Documents\GitHub\MCAL_F40x\Debug\libMCAL.a(mcalGPIO.o)
                0x0000000008000e54                gpioVerifyPinMode
 .text.gpioVerifyOutputType
                0x0000000008000e88       0x28 C:\Users\admballuffvm\Documents\GitHub\MCAL_F40x\Debug\libMCAL.a(mcalGPIO.o)
                0x0000000008000e88                gpioVerifyOutputType
 .text.gpioVerifyPushPullMode
                0x0000000008000eb0       0x2e C:\Users\admballuffvm\Documents\GitHub\MCAL_F40x\Debug\libMCAL.a(mcalGPIO.o)
                0x0000000008000eb0                gpioVerifyPushPullMode
 *fill*         0x0000000008000ede        0x2 
 .text.gpioInitPort
                0x0000000008000ee0       0xc4 C:\Users\admballuffvm\Documents\GitHub\MCAL_F40x\Debug\libMCAL.a(mcalGPIO.o)
                0x0000000008000ee0                gpioInitPort
 .text.gpioSelectPort
                0x0000000008000fa4       0xc8 C:\Users\admballuffvm\Documents\GitHub\MCAL_F40x\Debug\libMCAL.a(mcalGPIO.o)
                0x0000000008000fa4                gpioSelectPort
 .text.gpioSelectPinMode
                0x000000000800106c       0x96 C:\Users\admballuffvm\Documents\GitHub\MCAL_F40x\Debug\libMCAL.a(mcalGPIO.o)
                0x000000000800106c                gpioSelectPinMode
 .text.gpioSetPin
                0x0000000008001102       0x56 C:\Users\admballuffvm\Documents\GitHub\MCAL_F40x\Debug\libMCAL.a(mcalGPIO.o)
                0x0000000008001102                gpioSetPin
 .text.gpioResetPin
                0x0000000008001158       0x58 C:\Users\admballuffvm\Documents\GitHub\MCAL_F40x\Debug\libMCAL.a(mcalGPIO.o)
                0x0000000008001158                gpioResetPin
 .text.gpioSelectAltFunc
                0x00000000080011b0       0xd2 C:\Users\admballuffvm\Documents\GitHub\MCAL_F40x\Debug\libMCAL.a(mcalGPIO.o)
                0x00000000080011b0                gpioSelectAltFunc
 .text.gpioSetOutputType
                0x0000000008001282       0x92 C:\Users\admballuffvm\Documents\GitHub\MCAL_F40x\Debug\libMCAL.a(mcalGPIO.o)
                0x0000000008001282                gpioSetOutputType
 .text.gpioSelectPushPullMode
                0x0000000008001314       0xba C:\Users\admballuffvm\Documents\GitHub\MCAL_F40x\Debug\libMCAL.a(mcalGPIO.o)
                0x0000000008001314                gpioSelectPushPullMode
 .text.gpioGetPinState
                0x00000000080013ce       0x38 C:\Users\admballuffvm\Documents\GitHub\MCAL_F40x\Debug\libMCAL.a(mcalGPIO.o)
                0x00000000080013ce                gpioGetPinState
 .text.__i2c_start
                0x0000000008001406       0x30 C:\Users\admballuffvm\Documents\GitHub\MCAL_F40x\Debug\libMCAL.a(mcalI2C.o)
 .text.__i2c_stop
                0x0000000008001436       0x30 C:\Users\admballuffvm\Documents\GitHub\MCAL_F40x\Debug\libMCAL.a(mcalI2C.o)
 .text.__i2c_dummy_read_SR1_SR2
                0x0000000008001466       0x3c C:\Users\admballuffvm\Documents\GitHub\MCAL_F40x\Debug\libMCAL.a(mcalI2C.o)
 .text.__i2c_Chk_TX_empty
                0x00000000080014a2       0x36 C:\Users\admballuffvm\Documents\GitHub\MCAL_F40x\Debug\libMCAL.a(mcalI2C.o)
 .text.i2cVerifyDutyCycle
                0x00000000080014d8       0x28 C:\Users\admballuffvm\Documents\GitHub\MCAL_F40x\Debug\libMCAL.a(mcalI2C.o)
 .text.i2cSelectI2C
                0x0000000008001500       0x68 C:\Users\admballuffvm\Documents\GitHub\MCAL_F40x\Debug\libMCAL.a(mcalI2C.o)
                0x0000000008001500                i2cSelectI2C
 .text.i2cSetClkSpd
                0x0000000008001568       0xfc C:\Users\admballuffvm\Documents\GitHub\MCAL_F40x\Debug\libMCAL.a(mcalI2C.o)
                0x0000000008001568                i2cSetClkSpd
 .text.i2cInitI2C
                0x0000000008001664       0x98 C:\Users\admballuffvm\Documents\GitHub\MCAL_F40x\Debug\libMCAL.a(mcalI2C.o)
                0x0000000008001664                i2cInitI2C
 .text.i2cBurstWrite
                0x00000000080016fc       0xba C:\Users\admballuffvm\Documents\GitHub\MCAL_F40x\Debug\libMCAL.a(mcalI2C.o)
                0x00000000080016fc                i2cBurstWrite
 .text.i2cBurstRead
                0x00000000080017b6       0xd2 C:\Users\admballuffvm\Documents\GitHub\MCAL_F40x\Debug\libMCAL.a(mcalI2C.o)
                0x00000000080017b6                i2cBurstRead
 .text.i2cEnableDevice
                0x0000000008001888       0x22 C:\Users\admballuffvm\Documents\GitHub\MCAL_F40x\Debug\libMCAL.a(mcalI2C.o)
                0x0000000008001888                i2cEnableDevice
 *fill*         0x00000000080018aa        0x2 
 .text.rccGetSysClock
                0x00000000080018ac      0x20c C:\Users\admballuffvm\Documents\GitHub\MCAL_F40x\Debug\libMCAL.a(mcalRCC.o)
                0x00000000080018ac                rccGetSysClock
 .text.rccGetHclkFreq
                0x0000000008001ab8       0x50 C:\Users\admballuffvm\Documents\GitHub\MCAL_F40x\Debug\libMCAL.a(mcalRCC.o)
                0x0000000008001ab8                rccGetHclkFreq
 .text.rccGetPclk1Freq
                0x0000000008001b08       0x44 C:\Users\admballuffvm\Documents\GitHub\MCAL_F40x\Debug\libMCAL.a(mcalRCC.o)
                0x0000000008001b08                rccGetPclk1Freq
 .text.__libc_init_array
                0x0000000008001b4c       0x48 c:/st/stm32cubeide_1.12.0/stm32cubeide/plugins/com.st.stm32cube.ide.mcu.externaltools.gnu-tools-for-stm32.10.3-2021.10.win32_1.0.200.202301161003/tools/bin/../lib/gcc/arm-none-eabi/10.3.1/../../../../arm-none-eabi/lib/thumb/v7e-m+fp/softfp\libc_nano.a(lib_a-init.o)
                0x0000000008001b4c                __libc_init_array
 *(.glue_7)
 .glue_7        0x0000000008001b94        0x0 linker stubs
 *(.glue_7t)
 .glue_7t       0x0000000008001b94        0x0 linker stubs
 *(.eh_frame)
 .eh_frame      0x0000000008001b94        0x0 c:/st/stm32cubeide_1.12.0/stm32cubeide/plugins/com.st.stm32cube.ide.mcu.externaltools.gnu-tools-for-stm32.10.3-2021.10.win32_1.0.200.202301161003/tools/bin/../lib/gcc/arm-none-eabi/10.3.1/thumb/v7e-m+fp/softfp/crtbegin.o
 *(.init)
 .init          0x0000000008001b94        0x4 c:/st/stm32cubeide_1.12.0/stm32cubeide/plugins/com.st.stm32cube.ide.mcu.externaltools.gnu-tools-for-stm32.10.3-2021.10.win32_1.0.200.202301161003/tools/bin/../lib/gcc/arm-none-eabi/10.3.1/thumb/v7e-m+fp/softfp/crti.o
                0x0000000008001b94                _init
 .init          0x0000000008001b98        0x8 c:/st/stm32cubeide_1.12.0/stm32cubeide/plugins/com.st.stm32cube.ide.mcu.externaltools.gnu-tools-for-stm32.10.3-2021.10.win32_1.0.200.202301161003/tools/bin/../lib/gcc/arm-none-eabi/10.3.1/thumb/v7e-m+fp/softfp/crtn.o
 *(.fini)
 .fini          0x0000000008001ba0        0x4 c:/st/stm32cubeide_1.12.0/stm32cubeide/plugins/com.st.stm32cube.ide.mcu.externaltools.gnu-tools-for-stm32.10.3-2021.10.win32_1.0.200.202301161003/tools/bin/../lib/gcc/arm-none-eabi/10.3.1/thumb/v7e-m+fp/softfp/crti.o
                0x0000000008001ba0                _fini
 .fini          0x0000000008001ba4        0x8 c:/st/stm32cubeide_1.12.0/stm32cubeide/plugins/com.st.stm32cube.ide.mcu.externaltools.gnu-tools-for-stm32.10.3-2021.10.win32_1.0.200.202301161003/tools/bin/../lib/gcc/arm-none-eabi/10.3.1/thumb/v7e-m+fp/softfp/crtn.o
                0x0000000008001bac                . = ALIGN (0x4)
                0x0000000008001bac                _etext = .

.vfp11_veneer   0x0000000008001bac        0x0
 .vfp11_veneer  0x0000000008001bac        0x0 linker stubs

.v4_bx          0x0000000008001bac        0x0
 .v4_bx         0x0000000008001bac        0x0 linker stubs

.iplt           0x0000000008001bac        0x0
 .iplt          0x0000000008001bac        0x0 c:/st/stm32cubeide_1.12.0/stm32cubeide/plugins/com.st.stm32cube.ide.mcu.externaltools.gnu-tools-for-stm32.10.3-2021.10.win32_1.0.200.202301161003/tools/bin/../lib/gcc/arm-none-eabi/10.3.1/thumb/v7e-m+fp/softfp/crtbegin.o

.rodata         0x0000000008001bac       0x10
                0x0000000008001bac                . = ALIGN (0x4)
 *(.rodata)
 *(.rodata*)
 .rodata.APBAHBPrescTable
                0x0000000008001bac       0x10 C:\Users\admballuffvm\Documents\GitHub\MCAL_F40x\Debug\libMCAL.a(mcalRCC.o)
                0x0000000008001bac                APBAHBPrescTable
                0x0000000008001bbc                . = ALIGN (0x4)

.ARM.extab      0x0000000008001bbc        0x0
                0x0000000008001bbc                . = ALIGN (0x4)
 *(.ARM.extab* .gnu.linkonce.armextab.*)
                0x0000000008001bbc                . = ALIGN (0x4)

.ARM            0x0000000008001bbc        0x8
                0x0000000008001bbc                . = ALIGN (0x4)
                0x0000000008001bbc                __exidx_start = .
 *(.ARM.exidx*)
 .ARM.exidx     0x0000000008001bbc        0x8 c:/st/stm32cubeide_1.12.0/stm32cubeide/plugins/com.st.stm32cube.ide.mcu.externaltools.gnu-tools-for-stm32.10.3-2021.10.win32_1.0.200.202301161003/tools/bin/../lib/gcc/arm-none-eabi/10.3.1/thumb/v7e-m+fp/softfp\libgcc.a(_udivmoddi4.o)
                0x0000000008001bc4                __exidx_end = .
                0x0000000008001bc4                . = ALIGN (0x4)

.rel.dyn        0x0000000008001bc4        0x0
 .rel.iplt      0x0000000008001bc4        0x0 c:/st/stm32cubeide_1.12.0/stm32cubeide/plugins/com.st.stm32cube.ide.mcu.externaltools.gnu-tools-for-stm32.10.3-2021.10.win32_1.0.200.202301161003/tools/bin/../lib/gcc/arm-none-eabi/10.3.1/thumb/v7e-m+fp/softfp/crtbegin.o

.preinit_array  0x0000000008001bc4        0x0
                0x0000000008001bc4                . = ALIGN (0x4)
                0x0000000008001bc4                PROVIDE (__preinit_array_start = .)
 *(.preinit_array*)
                0x0000000008001bc4                PROVIDE (__preinit_array_end = .)
                0x0000000008001bc4                . = ALIGN (0x4)

.init_array     0x0000000008001bc4        0x4
                0x0000000008001bc4                . = ALIGN (0x4)
                0x0000000008001bc4                PROVIDE (__init_array_start = .)
 *(SORT_BY_NAME(.init_array.*))
 *(.init_array*)
 .init_array    0x0000000008001bc4        0x4 c:/st/stm32cubeide_1.12.0/stm32cubeide/plugins/com.st.stm32cube.ide.mcu.externaltools.gnu-tools-for-stm32.10.3-2021.10.win32_1.0.200.202301161003/tools/bin/../lib/gcc/arm-none-eabi/10.3.1/thumb/v7e-m+fp/softfp/crtbegin.o
                0x0000000008001bc8                PROVIDE (__init_array_end = .)
                0x0000000008001bc8                . = ALIGN (0x4)

.fini_array     0x0000000008001bc8        0x4
                0x0000000008001bc8                . = ALIGN (0x4)
                [!provide]                        PROVIDE (__fini_array_start = .)
 *(SORT_BY_NAME(.fini_array.*))
 *(.fini_array*)
 .fini_array    0x0000000008001bc8        0x4 c:/st/stm32cubeide_1.12.0/stm32cubeide/plugins/com.st.stm32cube.ide.mcu.externaltools.gnu-tools-for-stm32.10.3-2021.10.win32_1.0.200.202301161003/tools/bin/../lib/gcc/arm-none-eabi/10.3.1/thumb/v7e-m+fp/softfp/crtbegin.o
                [!provide]                        PROVIDE (__fini_array_end = .)
                0x0000000008001bcc                . = ALIGN (0x4)
                0x0000000008001bcc                _sidata = LOADADDR (.data)

.data           0x0000000020000000        0xc load address 0x0000000008001bcc
                0x0000000020000000                . = ALIGN (0x4)
                0x0000000020000000                _sdata = .
 *(.data)
 *(.data*)
 .data.geschw   0x0000000020000000        0x1 ./Src/main.o
                0x0000000020000000                geschw
 *fill*         0x0000000020000001        0x3 
 .data.SystemCoreClock
                0x0000000020000004        0x4 ./Src/system_stm32f4xx.o
                0x0000000020000004                SystemCoreClock
 .data.i2c      0x0000000020000008        0x4 C:\Users\admballuffvm\Documents\GitHub\Balancer\Debug\libBalancer.a(step.o)
 *(.RamFunc)
 *(.RamFunc*)
                0x000000002000000c                . = ALIGN (0x4)
                0x000000002000000c                _edata = .

.igot.plt       0x000000002000000c        0x0 load address 0x0000000008001bd8
 .igot.plt      0x000000002000000c        0x0 c:/st/stm32cubeide_1.12.0/stm32cubeide/plugins/com.st.stm32cube.ide.mcu.externaltools.gnu-tools-for-stm32.10.3-2021.10.win32_1.0.200.202301161003/tools/bin/../lib/gcc/arm-none-eabi/10.3.1/thumb/v7e-m+fp/softfp/crtbegin.o
                0x000000002000000c                . = ALIGN (0x4)

.bss            0x000000002000000c       0x34 load address 0x0000000008001bd8
                0x000000002000000c                _sbss = .
                0x000000002000000c                __bss_start__ = _sbss
 *(.bss)
 .bss           0x000000002000000c       0x1c c:/st/stm32cubeide_1.12.0/stm32cubeide/plugins/com.st.stm32cube.ide.mcu.externaltools.gnu-tools-for-stm32.10.3-2021.10.win32_1.0.200.202301161003/tools/bin/../lib/gcc/arm-none-eabi/10.3.1/thumb/v7e-m+fp/softfp/crtbegin.o
 *(.bss*)
 .bss.rotoryPosition
                0x0000000020000028        0x4 C:\Users\admballuffvm\Documents\GitHub\Balancer\Debug\libBalancer.a(RotaryPushButton.o)
                0x0000000020000028                rotoryPosition
 .bss.pushButtonFlag
                0x000000002000002c        0x1 C:\Users\admballuffvm\Documents\GitHub\Balancer\Debug\libBalancer.a(RotaryPushButton.o)
                0x000000002000002c                pushButtonFlag
 .bss.initRotaryPushButtonLEDDone
                0x000000002000002d        0x1 C:\Users\admballuffvm\Documents\GitHub\Balancer\Debug\libBalancer.a(RotaryPushButton.o)
                0x000000002000002d                initRotaryPushButtonLEDDone
 *fill*         0x000000002000002e        0x2 
 .bss.statusReg1
                0x0000000020000030        0x8 C:\Users\admballuffvm\Documents\GitHub\Balancer\Debug\libBalancer.a(step.o)
 .bss.statusReg2
                0x0000000020000038        0x8 C:\Users\admballuffvm\Documents\GitHub\Balancer\Debug\libBalancer.a(step.o)
 *(COMMON)
                0x0000000020000040                . = ALIGN (0x4)
                0x0000000020000040                _ebss = .
                0x0000000020000040                __bss_end__ = _ebss

._user_heap_stack
                0x0000000020000040      0x600 load address 0x0000000008001bd8
                0x0000000020000040                . = ALIGN (0x8)
                [!provide]                        PROVIDE (end = .)
                0x0000000020000040                PROVIDE (_end = .)
                0x0000000020000240                . = (. + _Min_Heap_Size)
 *fill*         0x0000000020000040      0x200 
                0x0000000020000640                . = (. + _Min_Stack_Size)
 *fill*         0x0000000020000240      0x400 
                0x0000000020000640                . = ALIGN (0x8)

/DISCARD/
 libc.a(*)
 libm.a(*)
 libgcc.a(*)

.ARM.attributes
                0x0000000000000000       0x2e
 *(.ARM.attributes)
 .ARM.attributes
                0x0000000000000000       0x1e c:/st/stm32cubeide_1.12.0/stm32cubeide/plugins/com.st.stm32cube.ide.mcu.externaltools.gnu-tools-for-stm32.10.3-2021.10.win32_1.0.200.202301161003/tools/bin/../lib/gcc/arm-none-eabi/10.3.1/thumb/v7e-m+fp/softfp/crti.o
 .ARM.attributes
                0x000000000000001e       0x32 c:/st/stm32cubeide_1.12.0/stm32cubeide/plugins/com.st.stm32cube.ide.mcu.externaltools.gnu-tools-for-stm32.10.3-2021.10.win32_1.0.200.202301161003/tools/bin/../lib/gcc/arm-none-eabi/10.3.1/thumb/v7e-m+fp/softfp/crtbegin.o
 .ARM.attributes
                0x0000000000000050       0x32 ./Src/main.o
 .ARM.attributes
                0x0000000000000082       0x32 ./Src/system_stm32f4xx.o
 .ARM.attributes
                0x00000000000000b4       0x21 ./Startup/startup_stm32f401retx.o
 .ARM.attributes
                0x00000000000000d5       0x32 C:\Users\admballuffvm\Documents\GitHub\Balancer\Debug\libBalancer.a(Balancer.o)
 .ARM.attributes
                0x0000000000000107       0x32 C:\Users\admballuffvm\Documents\GitHub\Balancer\Debug\libBalancer.a(RotaryPushButton.o)
 .ARM.attributes
                0x0000000000000139       0x32 C:\Users\admballuffvm\Documents\GitHub\Balancer\Debug\libBalancer.a(step.o)
 .ARM.attributes
                0x000000000000016b       0x32 C:\Users\admballuffvm\Documents\GitHub\MCAL_F40x\Debug\libMCAL.a(mcalGPIO.o)
 .ARM.attributes
                0x000000000000019d       0x32 C:\Users\admballuffvm\Documents\GitHub\MCAL_F40x\Debug\libMCAL.a(mcalI2C.o)
 .ARM.attributes
                0x00000000000001cf       0x32 C:\Users\admballuffvm\Documents\GitHub\MCAL_F40x\Debug\libMCAL.a(mcalRCC.o)
 .ARM.attributes
                0x0000000000000201       0x32 c:/st/stm32cubeide_1.12.0/stm32cubeide/plugins/com.st.stm32cube.ide.mcu.externaltools.gnu-tools-for-stm32.10.3-2021.10.win32_1.0.200.202301161003/tools/bin/../lib/gcc/arm-none-eabi/10.3.1/../../../../arm-none-eabi/lib/thumb/v7e-m+fp/softfp\libc_nano.a(lib_a-init.o)
 .ARM.attributes
                0x0000000000000233       0x1e c:/st/stm32cubeide_1.12.0/stm32cubeide/plugins/com.st.stm32cube.ide.mcu.externaltools.gnu-tools-for-stm32.10.3-2021.10.win32_1.0.200.202301161003/tools/bin/../lib/gcc/arm-none-eabi/10.3.1/thumb/v7e-m+fp/softfp\libgcc.a(_aeabi_uldivmod.o)
 .ARM.attributes
                0x0000000000000251       0x32 c:/st/stm32cubeide_1.12.0/stm32cubeide/plugins/com.st.stm32cube.ide.mcu.externaltools.gnu-tools-for-stm32.10.3-2021.10.win32_1.0.200.202301161003/tools/bin/../lib/gcc/arm-none-eabi/10.3.1/thumb/v7e-m+fp/softfp\libgcc.a(_udivmoddi4.o)
 .ARM.attributes
                0x0000000000000283       0x1e c:/st/stm32cubeide_1.12.0/stm32cubeide/plugins/com.st.stm32cube.ide.mcu.externaltools.gnu-tools-for-stm32.10.3-2021.10.win32_1.0.200.202301161003/tools/bin/../lib/gcc/arm-none-eabi/10.3.1/thumb/v7e-m+fp/softfp\libgcc.a(_dvmd_tls.o)
 .ARM.attributes
                0x00000000000002a1       0x1e c:/st/stm32cubeide_1.12.0/stm32cubeide/plugins/com.st.stm32cube.ide.mcu.externaltools.gnu-tools-for-stm32.10.3-2021.10.win32_1.0.200.202301161003/tools/bin/../lib/gcc/arm-none-eabi/10.3.1/thumb/v7e-m+fp/softfp/crtn.o
OUTPUT(step.elf elf32-littlearm)
LOAD linker stubs
LOAD c:/st/stm32cubeide_1.12.0/stm32cubeide/plugins/com.st.stm32cube.ide.mcu.externaltools.gnu-tools-for-stm32.10.3-2021.10.win32_1.0.200.202301161003/tools/bin/../lib/gcc/arm-none-eabi/10.3.1/../../../../arm-none-eabi/lib/thumb/v7e-m+fp/softfp\libc.a
LOAD c:/st/stm32cubeide_1.12.0/stm32cubeide/plugins/com.st.stm32cube.ide.mcu.externaltools.gnu-tools-for-stm32.10.3-2021.10.win32_1.0.200.202301161003/tools/bin/../lib/gcc/arm-none-eabi/10.3.1/../../../../arm-none-eabi/lib/thumb/v7e-m+fp/softfp\libm.a
LOAD c:/st/stm32cubeide_1.12.0/stm32cubeide/plugins/com.st.stm32cube.ide.mcu.externaltools.gnu-tools-for-stm32.10.3-2021.10.win32_1.0.200.202301161003/tools/bin/../lib/gcc/arm-none-eabi/10.3.1/thumb/v7e-m+fp/softfp\libgcc.a

.debug_info     0x0000000000000000     0x44f7
 .debug_info    0x0000000000000000      0x31d ./Src/main.o
 .debug_info    0x000000000000031d      0x548 ./Src/system_stm32f4xx.o
 .debug_info    0x0000000000000865       0x22 ./Startup/startup_stm32f401retx.o
 .debug_info    0x0000000000000887      0x5e0 C:\Users\admballuffvm\Documents\GitHub\Balancer\Debug\libBalancer.a(Balancer.o)
 .debug_info    0x0000000000000e67      0xb3c C:\Users\admballuffvm\Documents\GitHub\Balancer\Debug\libBalancer.a(RotaryPushButton.o)
 .debug_info    0x00000000000019a3      0xbfa C:\Users\admballuffvm\Documents\GitHub\Balancer\Debug\libBalancer.a(step.o)
 .debug_info    0x000000000000259d      0xa59 C:\Users\admballuffvm\Documents\GitHub\MCAL_F40x\Debug\libMCAL.a(mcalGPIO.o)
 .debug_info    0x0000000000002ff6      0x9ef C:\Users\admballuffvm\Documents\GitHub\MCAL_F40x\Debug\libMCAL.a(mcalI2C.o)
 .debug_info    0x00000000000039e5      0xb12 C:\Users\admballuffvm\Documents\GitHub\MCAL_F40x\Debug\libMCAL.a(mcalRCC.o)

.debug_abbrev   0x0000000000000000      0xe84
 .debug_abbrev  0x0000000000000000      0x167 ./Src/main.o
 .debug_abbrev  0x0000000000000167      0x116 ./Src/system_stm32f4xx.o
 .debug_abbrev  0x000000000000027d       0x12 ./Startup/startup_stm32f401retx.o
 .debug_abbrev  0x000000000000028f      0x140 C:\Users\admballuffvm\Documents\GitHub\Balancer\Debug\libBalancer.a(Balancer.o)
 .debug_abbrev  0x00000000000003cf      0x285 C:\Users\admballuffvm\Documents\GitHub\Balancer\Debug\libBalancer.a(RotaryPushButton.o)
 .debug_abbrev  0x0000000000000654      0x1ef C:\Users\admballuffvm\Documents\GitHub\Balancer\Debug\libBalancer.a(step.o)
 .debug_abbrev  0x0000000000000843      0x1a4 C:\Users\admballuffvm\Documents\GitHub\MCAL_F40x\Debug\libMCAL.a(mcalGPIO.o)
 .debug_abbrev  0x00000000000009e7      0x204 C:\Users\admballuffvm\Documents\GitHub\MCAL_F40x\Debug\libMCAL.a(mcalI2C.o)
 .debug_abbrev  0x0000000000000beb      0x299 C:\Users\admballuffvm\Documents\GitHub\MCAL_F40x\Debug\libMCAL.a(mcalRCC.o)

.debug_aranges  0x0000000000000000      0x480
 .debug_aranges
                0x0000000000000000       0x20 ./Src/main.o
 .debug_aranges
                0x0000000000000020       0x28 ./Src/system_stm32f4xx.o
 .debug_aranges
                0x0000000000000048       0x28 ./Startup/startup_stm32f401retx.o
 .debug_aranges
                0x0000000000000070       0x30 C:\Users\admballuffvm\Documents\GitHub\Balancer\Debug\libBalancer.a(Balancer.o)
 .debug_aranges
                0x00000000000000a0       0x58 C:\Users\admballuffvm\Documents\GitHub\Balancer\Debug\libBalancer.a(RotaryPushButton.o)
 .debug_aranges
                0x00000000000000f8      0x118 C:\Users\admballuffvm\Documents\GitHub\Balancer\Debug\libBalancer.a(step.o)
 .debug_aranges
                0x0000000000000210       0xd0 C:\Users\admballuffvm\Documents\GitHub\MCAL_F40x\Debug\libMCAL.a(mcalGPIO.o)
 .debug_aranges
                0x00000000000002e0       0xd8 C:\Users\admballuffvm\Documents\GitHub\MCAL_F40x\Debug\libMCAL.a(mcalI2C.o)
 .debug_aranges
                0x00000000000003b8       0xc8 C:\Users\admballuffvm\Documents\GitHub\MCAL_F40x\Debug\libMCAL.a(mcalRCC.o)

.debug_ranges   0x0000000000000000      0x3f8
 .debug_ranges  0x0000000000000000       0x10 ./Src/main.o
 .debug_ranges  0x0000000000000010       0x18 ./Src/system_stm32f4xx.o
 .debug_ranges  0x0000000000000028       0x20 ./Startup/startup_stm32f401retx.o
 .debug_ranges  0x0000000000000048       0x20 C:\Users\admballuffvm\Documents\GitHub\Balancer\Debug\libBalancer.a(Balancer.o)
 .debug_ranges  0x0000000000000068       0x48 C:\Users\admballuffvm\Documents\GitHub\Balancer\Debug\libBalancer.a(RotaryPushButton.o)
 .debug_ranges  0x00000000000000b0      0x108 C:\Users\admballuffvm\Documents\GitHub\Balancer\Debug\libBalancer.a(step.o)
 .debug_ranges  0x00000000000001b8       0xc0 C:\Users\admballuffvm\Documents\GitHub\MCAL_F40x\Debug\libMCAL.a(mcalGPIO.o)
 .debug_ranges  0x0000000000000278       0xc8 C:\Users\admballuffvm\Documents\GitHub\MCAL_F40x\Debug\libMCAL.a(mcalI2C.o)
 .debug_ranges  0x0000000000000340       0xb8 C:\Users\admballuffvm\Documents\GitHub\MCAL_F40x\Debug\libMCAL.a(mcalRCC.o)

.debug_macro    0x0000000000000000     0xf217
 .debug_macro   0x0000000000000000      0x10d ./Src/main.o
 .debug_macro   0x000000000000010d      0xa66 ./Src/main.o
 .debug_macro   0x0000000000000b73       0x22 ./Src/main.o
 .debug_macro   0x0000000000000b95       0x8e ./Src/main.o
 .debug_macro   0x0000000000000c23       0x51 ./Src/main.o
 .debug_macro   0x0000000000000c74      0x103 ./Src/main.o
 .debug_macro   0x0000000000000d77       0x6a ./Src/main.o
 .debug_macro   0x0000000000000de1      0x1df ./Src/main.o
 .debug_macro   0x0000000000000fc0       0x22 ./Src/main.o
 .debug_macro   0x0000000000000fe2       0x34 ./Src/main.o
 .debug_macro   0x0000000000001016       0x28 ./Src/main.o
 .debug_macro   0x000000000000103e       0x1c ./Src/main.o
 .debug_macro   0x000000000000105a       0x22 ./Src/main.o
 .debug_macro   0x000000000000107c       0xd9 ./Src/main.o
 .debug_macro   0x0000000000001155     0x102d ./Src/main.o
 .debug_macro   0x0000000000002182      0x11f ./Src/main.o
 .debug_macro   0x00000000000022a1     0xb86c ./Src/main.o
 .debug_macro   0x000000000000db0d       0x6d ./Src/main.o
 .debug_macro   0x000000000000db7a       0x5e ./Src/main.o
 .debug_macro   0x000000000000dbd8       0x64 ./Src/main.o
 .debug_macro   0x000000000000dc3c       0xda ./Src/system_stm32f4xx.o
 .debug_macro   0x000000000000dd16      0x26b C:\Users\admballuffvm\Documents\GitHub\Balancer\Debug\libBalancer.a(Balancer.o)
 .debug_macro   0x000000000000df81      0xa7e C:\Users\admballuffvm\Documents\GitHub\Balancer\Debug\libBalancer.a(Balancer.o)
 .debug_macro   0x000000000000e9ff       0x16 C:\Users\admballuffvm\Documents\GitHub\Balancer\Debug\libBalancer.a(Balancer.o)
 .debug_macro   0x000000000000ea15       0x97 C:\Users\admballuffvm\Documents\GitHub\Balancer\Debug\libBalancer.a(Balancer.o)
 .debug_macro   0x000000000000eaac       0xfd C:\Users\admballuffvm\Documents\GitHub\Balancer\Debug\libBalancer.a(Balancer.o)
 .debug_macro   0x000000000000eba9       0x34 C:\Users\admballuffvm\Documents\GitHub\Balancer\Debug\libBalancer.a(Balancer.o)
 .debug_macro   0x000000000000ebdd       0x2e C:\Users\admballuffvm\Documents\GitHub\Balancer\Debug\libBalancer.a(Balancer.o)
 .debug_macro   0x000000000000ec0b      0x132 C:\Users\admballuffvm\Documents\GitHub\Balancer\Debug\libBalancer.a(RotaryPushButton.o)
 .debug_macro   0x000000000000ed3d       0x3a C:\Users\admballuffvm\Documents\GitHub\Balancer\Debug\libBalancer.a(RotaryPushButton.o)
 .debug_macro   0x000000000000ed77       0x10 C:\Users\admballuffvm\Documents\GitHub\Balancer\Debug\libBalancer.a(RotaryPushButton.o)
 .debug_macro   0x000000000000ed87       0x16 C:\Users\admballuffvm\Documents\GitHub\Balancer\Debug\libBalancer.a(RotaryPushButton.o)
 .debug_macro   0x000000000000ed9d       0x5e C:\Users\admballuffvm\Documents\GitHub\Balancer\Debug\libBalancer.a(RotaryPushButton.o)
 .debug_macro   0x000000000000edfb       0xeb C:\Users\admballuffvm\Documents\GitHub\Balancer\Debug\libBalancer.a(step.o)
 .debug_macro   0x000000000000eee6       0xe1 C:\Users\admballuffvm\Documents\GitHub\MCAL_F40x\Debug\libMCAL.a(mcalGPIO.o)
 .debug_macro   0x000000000000efc7      0x146 C:\Users\admballuffvm\Documents\GitHub\MCAL_F40x\Debug\libMCAL.a(mcalI2C.o)
 .debug_macro   0x000000000000f10d       0x10 C:\Users\admballuffvm\Documents\GitHub\MCAL_F40x\Debug\libMCAL.a(mcalI2C.o)
 .debug_macro   0x000000000000f11d       0xfa C:\Users\admballuffvm\Documents\GitHub\MCAL_F40x\Debug\libMCAL.a(mcalRCC.o)

.debug_line     0x0000000000000000     0x4541
 .debug_line    0x0000000000000000      0x5ba ./Src/main.o
 .debug_line    0x00000000000005ba      0x522 ./Src/system_stm32f4xx.o
 .debug_line    0x0000000000000adc       0x84 ./Startup/startup_stm32f401retx.o
 .debug_line    0x0000000000000b60      0x789 C:\Users\admballuffvm\Documents\GitHub\Balancer\Debug\libBalancer.a(Balancer.o)
 .debug_line    0x00000000000012e9      0x73f C:\Users\admballuffvm\Documents\GitHub\Balancer\Debug\libBalancer.a(RotaryPushButton.o)
 .debug_line    0x0000000000001a28      0xb05 C:\Users\admballuffvm\Documents\GitHub\Balancer\Debug\libBalancer.a(step.o)
 .debug_line    0x000000000000252d      0xac2 C:\Users\admballuffvm\Documents\GitHub\MCAL_F40x\Debug\libMCAL.a(mcalGPIO.o)
 .debug_line    0x0000000000002fef      0xb21 C:\Users\admballuffvm\Documents\GitHub\MCAL_F40x\Debug\libMCAL.a(mcalI2C.o)
 .debug_line    0x0000000000003b10      0xa31 C:\Users\admballuffvm\Documents\GitHub\MCAL_F40x\Debug\libMCAL.a(mcalRCC.o)

.debug_str      0x0000000000000000    0x5517b
 .debug_str     0x0000000000000000    0x4f6e4 ./Src/main.o
                                      0x4f86e (size before relaxing)
 .debug_str     0x000000000004f6e4      0x20e ./Src/system_stm32f4xx.o
                                      0x4f5c5 (size before relaxing)
 .debug_str     0x000000000004f8f2       0x31 ./Startup/startup_stm32f401retx.o
                                         0x72 (size before relaxing)
 .debug_str     0x000000000004f923     0x44da C:\Users\admballuffvm\Documents\GitHub\Balancer\Debug\libBalancer.a(Balancer.o)
                                      0x53b2f (size before relaxing)
 .debug_str     0x0000000000053dfd      0x71a C:\Users\admballuffvm\Documents\GitHub\Balancer\Debug\libBalancer.a(RotaryPushButton.o)
                                      0x5031c (size before relaxing)
 .debug_str     0x0000000000054517      0x267 C:\Users\admballuffvm\Documents\GitHub\Balancer\Debug\libBalancer.a(step.o)
                                      0x4f791 (size before relaxing)
 .debug_str     0x000000000005477e      0x1a5 C:\Users\admballuffvm\Documents\GitHub\MCAL_F40x\Debug\libMCAL.a(mcalGPIO.o)
                                      0x4f938 (size before relaxing)
 .debug_str     0x0000000000054923      0x474 C:\Users\admballuffvm\Documents\GitHub\MCAL_F40x\Debug\libMCAL.a(mcalI2C.o)
                                      0x4fb78 (size before relaxing)
 .debug_str     0x0000000000054d97      0x3e4 C:\Users\admballuffvm\Documents\GitHub\MCAL_F40x\Debug\libMCAL.a(mcalRCC.o)
                                      0x4fbe0 (size before relaxing)

.comment        0x0000000000000000       0x50
 .comment       0x0000000000000000       0x50 ./Src/main.o
                                         0x51 (size before relaxing)
 .comment       0x0000000000000050       0x51 ./Src/system_stm32f4xx.o
 .comment       0x0000000000000050       0x51 C:\Users\admballuffvm\Documents\GitHub\Balancer\Debug\libBalancer.a(Balancer.o)
 .comment       0x0000000000000050       0x51 C:\Users\admballuffvm\Documents\GitHub\Balancer\Debug\libBalancer.a(RotaryPushButton.o)
 .comment       0x0000000000000050       0x51 C:\Users\admballuffvm\Documents\GitHub\Balancer\Debug\libBalancer.a(step.o)
 .comment       0x0000000000000050       0x51 C:\Users\admballuffvm\Documents\GitHub\MCAL_F40x\Debug\libMCAL.a(mcalGPIO.o)
 .comment       0x0000000000000050       0x51 C:\Users\admballuffvm\Documents\GitHub\MCAL_F40x\Debug\libMCAL.a(mcalI2C.o)
 .comment       0x0000000000000050       0x51 C:\Users\admballuffvm\Documents\GitHub\MCAL_F40x\Debug\libMCAL.a(mcalRCC.o)

.debug_frame    0x0000000000000000     0x117c
 .debug_frame   0x0000000000000000       0x30 ./Src/main.o
 .debug_frame   0x0000000000000030       0x58 ./Src/system_stm32f4xx.o
 .debug_frame   0x0000000000000088       0x6c C:\Users\admballuffvm\Documents\GitHub\Balancer\Debug\libBalancer.a(Balancer.o)
 .debug_frame   0x00000000000000f4      0x114 C:\Users\admballuffvm\Documents\GitHub\Balancer\Debug\libBalancer.a(RotaryPushButton.o)
 .debug_frame   0x0000000000000208      0x490 C:\Users\admballuffvm\Documents\GitHub\Balancer\Debug\libBalancer.a(step.o)
 .debug_frame   0x0000000000000698      0x37c C:\Users\admballuffvm\Documents\GitHub\MCAL_F40x\Debug\libMCAL.a(mcalGPIO.o)
 .debug_frame   0x0000000000000a14      0x3a4 C:\Users\admballuffvm\Documents\GitHub\MCAL_F40x\Debug\libMCAL.a(mcalI2C.o)
 .debug_frame   0x0000000000000db8      0x338 C:\Users\admballuffvm\Documents\GitHub\MCAL_F40x\Debug\libMCAL.a(mcalRCC.o)
 .debug_frame   0x00000000000010f0       0x2c c:/st/stm32cubeide_1.12.0/stm32cubeide/plugins/com.st.stm32cube.ide.mcu.externaltools.gnu-tools-for-stm32.10.3-2021.10.win32_1.0.200.202301161003/tools/bin/../lib/gcc/arm-none-eabi/10.3.1/../../../../arm-none-eabi/lib/thumb/v7e-m+fp/softfp\libc_nano.a(lib_a-init.o)
 .debug_frame   0x000000000000111c       0x2c c:/st/stm32cubeide_1.12.0/stm32cubeide/plugins/com.st.stm32cube.ide.mcu.externaltools.gnu-tools-for-stm32.10.3-2021.10.win32_1.0.200.202301161003/tools/bin/../lib/gcc/arm-none-eabi/10.3.1/thumb/v7e-m+fp/softfp\libgcc.a(_aeabi_uldivmod.o)
 .debug_frame   0x0000000000001148       0x34 c:/st/stm32cubeide_1.12.0/stm32cubeide/plugins/com.st.stm32cube.ide.mcu.externaltools.gnu-tools-for-stm32.10.3-2021.10.win32_1.0.200.202301161003/tools/bin/../lib/gcc/arm-none-eabi/10.3.1/thumb/v7e-m+fp/softfp\libgcc.a(_udivmoddi4.o)
